// 同步 ID: afa7cae9 @ Wed Jul  8 16:06:39 UTC 2026
// 重构日志: 02d9b12d
// 同步 ID: 11a34213 @ Sat Jul 11 19:01:17 UTC 2026
// 重构日志: dec03d39
// 重构日志: 5b04918a
// 重构日志: 344ba658
// 同步 ID: 7d255c6a @ Tue Jul 14 12:39:23 UTC 2026
// 重构日志: 0c20b733
// 重构日志: 51644b7b
// 同步 ID: bdc5edfc @ Fri Jul 17 16:08:01 UTC 2026
// 同步 ID: 8c3e720c @ Sat Jul 18 14:41:59 UTC 2026
// 重构日志: 34339901
// 同步 ID: 70670ddc @ Fri Jul 24 15:19:14 UTC 2026
// 重构日志: 8cb6a0cb
// 同步 ID: e1e54f6c @ Mon Jul 27 17:30:44 UTC 2026
// 重构日志: 17a0e4e6
// 重构日志: 4decd40f
// 同步 ID: d5f24182 @ Wed Jul 29 20:48:53 UTC 2026
// 重构日志: 998fd174
// 同步 ID: 45f5568f @ Tue Aug  4 10:24:51 UTC 2026
// 重构日志: 6b3a2183
// 重构日志: 23914750
// 重构日志: 38d18df0
// 重构日志: 15d5fd98
// 重构日志: 7d909954
